 
 gdb a.out
GNU gdb (Ubuntu 8.1.1-0ubuntu1) 8.1.1
Copyright (C) 2018 Free Software Foundation, Inc.
License GPLv3+: GNU GPL version 3 or later <http://gnu.org/licenses/gpl.html>
This is free software: you are free to change and redistribute it.
There is NO WARRANTY, to the extent permitted by law.  Type "show copying"
and "show warranty" for details.
This GDB was configured as "x86_64-linux-gnu".
Type "show configuration" for configuration details.
For bug reporting instructions, please see:
<http://www.gnu.org/software/gdb/bugs/>.
Find the GDB manual and other documentation resources online at:
<http://www.gnu.org/software/gdb/documentation/>.
For help, type "help".
Type "apropos word" to search for commands related to "word"...
Reading symbols from a.out...done.
(gdb) b 31
Breakpoint 1 at 0x7d3: file p4original.c, line 31.
(gdb) r
Starting program: /home/runner/pps-test1-SRevanth2003/a.out 
warning: Error disabling address space randomization: Operation not permitted

Breakpoint 1, main () at p4original.c:31
31      a=input();
(gdb) s
input () at p4original.c:3
3   {
(gdb) n
5     printf("enter the number");
(gdb) n
6     scanf("%d",&a);
(gdb) n
enter the number11
7     return a;
(gdb) n
8   }
(gdb) n
main () at p4original.c:32
32      b=input();
(gdb) s
input () at p4original.c:3
3   {
(gdb) n
5     printf("enter the number");
(gdb) n
6     scanf("%d",&a);
(gdb) n
enter the number6
7     return a;
(gdb) n
8   }
(gdb) 
main () at p4original.c:33
33      c=input();
(gdb) s
input () at p4original.c:3
3   {
(gdb) n
5     printf("enter the number");
(gdb) n
6     scanf("%d",&a);
(gdb) n
enter the number4
7     return a;
(gdb) n
8   }
(gdb) n
main () at p4original.c:34
34      largest=cmp(a,b,c);
(gdb) s
cmp (a=11, b=6, c=4) at p4original.c:11
11    if(a>b && a>c)
(gdb) n
13      return a;
(gdb) n
23  }
(gdb) n
main () at p4original.c:35
35      output(largest);
(gdb) s
output (largest=11) at p4original.c:26
26    printf("the largest number is %d",largest);
(gdb) n
27  }
(gdb) n
main () at p4original.c:36
36      return 0;
(gdb) n
37    }(gdb) c
Continuing.
the largest number is 11[Inferior 1 (process 305) exited normally]
(gdb) 